// Jest Snapshot v1, https://goo.gl/fbAQLP

exports[`backend/components/resource/form/kind/Presentation matches the snapshot 1`] = `
<HigherOrder.FetchData('Form.Upload)
  accepts="presentation"
  label="Presentation File"
  layout="square"
  name="attributes[attachment]"
  readFrom="attributes[attachmentFileName]"
  remove="attributes[removeAttachment]"
/>
`;
