// Jest Snapshot v1, https://goo.gl/fbAQLP

exports[`Backend.Form.HasMany component renders correctly 1`] = `
<div
  className="form-input"
  style={Object {}}
>
  <h4
    className="form-input-heading"
  >
    makers
  </h4>
  <nav
    className="has-many-list"
  >
    <ul>
      <li>
        <div
          className="association"
        >
          <h4
            className="association-name"
          >
            John
          </h4>
        </div>
        <div
          className="utility"
        >
          <button
            className="manicon manicon-arrow-down"
            onClick={[Function]}
          >
            <span
              className="screen-reader-text"
            >
              Move John down in the makers list
            </span>
          </button>
          <button
            className="manicon manicon-x"
            onClick={[Function]}
          >
            <span
              className="screen-reader-text"
            >
              Remove 
              John
               from the 
              makers
               list.
            </span>
          </button>
        </div>
      </li>
      <li>
        <div
          className="association"
        >
          <h4
            className="association-name"
          >
            Jane
          </h4>
        </div>
        <div
          className="utility"
        >
          <button
            className="manicon manicon-arrow-up"
            onClick={[Function]}
          >
            <span
              className="screen-reader-text"
            >
              Move Jane up in the makers list
            </span>
          </button>
          <button
            className="manicon manicon-x"
            onClick={[Function]}
          >
            <span
              className="screen-reader-text"
            >
              Remove 
              Jane
               from the 
              makers
               list.
            </span>
          </button>
        </div>
      </li>
    </ul>
    <div
      className="input-predictive"
    >
      <div
        className="input"
      >
        <i
          aria-hidden="true"
          className="manicon manicon-plus"
        />
        <input
          aria-describedby={null}
          aria-label={undefined}
          className="text-input"
          onBlur={[Function]}
          onChange={[Function]}
          onFocus={[Function]}
          onKeyDown={[Function]}
          onKeyPress={[Function]}
          placeholder={undefined}
          type="text"
          value=""
        />
        <button
          className="submit"
          onClick={[Function]}
          type="button"
        >
          Create New
        </button>
      </div>
      <nav
        className="predictive-list"
      >
        <ul />
      </nav>
    </div>
  </nav>
</div>
`;
