// Jest Snapshot v1, https://goo.gl/fbAQLP

exports[`Global.UIPanel component renders correctly 1`] = `
<div
  className="panel-visible"
>
  <focus-trap-react
    active={true}
    focusTrapOptions={
      Object {
        "clickOutsideDeactivates": true,
        "escapeDeactivates": false,
      }
    }
  >
    <button
      className="screen-reader-text"
      onClick={undefined}
    >
      Close Panel
    </button>
    <div>
      Render me
    </div>
  </focus-trap-react>
</div>
`;
