// Jest Snapshot v1, https://goo.gl/fbAQLP

exports[`Reader.Notes.FilteredList Component renders correctly 1`] = `
<div>
  <div
    className="drawer-bar"
  >
    <h2
      className="drawer-title"
    >
      <div
        onClick={[MockFunction]}
        role="button"
      >
        Your Notes
      </div>
    </h2>
    <button
      className="button-primary"
      onClick={[MockFunction]}
    >
      See all
    </button>
  </div>
  <nav
    className="filters"
  >
    <label
      className="label"
    >
      Show your:
    </label>
    <div
      className="checkbox-group"
    >
      <label
        className="checkbox"
        htmlFor="Highlights-checkbox-1"
      >
        <input
          checked={true}
          id="Highlights-checkbox-1"
          onChange={[Function]}
          type="checkbox"
        />
        <div
          aria-hidden="true"
          className="control-indicator"
        >
          <i
            className="manicon manicon-check"
          />
        </div>
        Highlights
      </label>
      <label
        className="checkbox"
        htmlFor="Annotations-checkbox-2"
      >
        <input
          checked={true}
          id="Annotations-checkbox-2"
          onChange={[Function]}
          type="checkbox"
        />
        <div
          aria-hidden="true"
          className="control-indicator"
        >
          <i
            className="manicon manicon-check"
          />
        </div>
        Annotations
      </label>
    </div>
  </nav>
  <nav>
    <ul>
      <li>
        <div
          className="item"
          onClick={[Function]}
          role="button"
        >
          <i
            aria-hidden="true"
            className="manicon manicon-caret-down"
          />
          <label>
            Test
          </label>
          <span
            className="screen-reader-text"
          >
            Expand Notes
          </span>
        </div>
        <ul
          className=""
        >
          <li
            className="item"
            onClick={[Function]}
          >
            <span
              className="screen-reader-text"
            />
            <i
              aria-hidden="true"
              className="manicon manicon-null"
            />
            <span>
              Gods, Earths, and 85ers
            </span>
          </li>
          <li
            className="item"
            onClick={[Function]}
          >
            <span
              className="screen-reader-text"
            />
            <i
              aria-hidden="true"
              className="manicon manicon-null"
            />
            <span>
              Gods, Earths, and 85ers
            </span>
          </li>
        </ul>
      </li>
    </ul>
  </nav>
</div>
`;
