exports[`Dashboard.Notification component renders correctly 1`] = `
<nav
  className="notification-list-block">
  <ul>
    <li>
      <p>
         Notifications are still a 
        <a
          href="https://en.wikipedia.org/wiki/Democracy_in_America">
          work in progress!
        </a>
      </p>
      <button
        className="manicon manicon-x" />
    </li>
    <li>
      <p>
        For now, these are just 
        <a
          href="https://en.wikipedia.org/wiki/Placeholder">
          placeholders
        </a>
      </p>
      <button
        className="manicon manicon-x" />
    </li>
  </ul>
  <a
    className="button-bare-primary"
    onClick={[Function]}
    style={Object {}}>
    Notification History
  </a>
</nav>
`;
