// Jest Snapshot v1, https://goo.gl/fbAQLP

exports[`Backend NewResource Wrapper Container renders correctly 1`] = `
<div>
  <section
    className="bg-neutral95"
  >
    <div
      className="container flush"
    >
      <nav
        className="breadcrumb-primary"
      >
        <a
          className="initial"
          href="/backend/project/undefined/resources"
          onClick={[Function]}
        >
          <i
            className="manicon manicon-arrow-left"
          />
          Back to:
        </a>
        <ul>
          <li>
            <a
              className="back-link-primary-segment"
              href="/backend/project/undefined/resources"
              onClick={[Function]}
            >
              Resources
            </a>
          </li>
        </ul>
      </nav>
    </div>
    <div
      className="container flush"
    >
      <header
        className="entity-header-primary"
      >
        <figure>
          <i
            className="manicon manicon-cube-shine"
          />
        </figure>
        <div
          className="title"
        >
          <h1>
            New Resource
            <span
              className="subtitle"
            />
          </h1>
          <div
            className="utility"
          >
            <span
              className="notes"
            >
              Select your resource type, then enter a name and a brief description. Press save to continue.
            </span>
          </div>
        </div>
      </header>
    </div>
  </section>
  <section
    className="backend-panel"
  >
    <div
      className="container"
    >
      <div
        className="panel"
      >
        <div>
          <form
            className="form-secondary"
            data-id="submit"
            onSubmit={[Function]}
          >
            <div
              className="resource-kind-picker form-secondary"
            >
              <div
                className="form-input"
              >
                <label>
                  Kind
                </label>
                <div
                  className="picker-select"
                >
                  <div
                    className="form-select"
                  >
                    <i
                      className="manicon manicon-caret-down"
                    />
                    <select
                      onChange={[Function]}
                      value="image"
                    >
                      <option
                        id="image"
                        value="image"
                      >
                        Image
                      </option>
                      <option
                        id="video"
                        value="video"
                      >
                        Video
                      </option>
                      <option
                        id="audio"
                        value="audio"
                      >
                        Audio
                      </option>
                      <option
                        id="file"
                        value="file"
                      >
                        File
                      </option>
                      <option
                        id="link"
                        value="link"
                      >
                        Link
                      </option>
                      <option
                        id="pdf"
                        value="pdf"
                      >
                        PDF
                      </option>
                      <option
                        id="document"
                        value="document"
                      >
                        Document
                      </option>
                      <option
                        id="spreadsheet"
                        value="spreadsheet"
                      >
                        Spreadsheet
                      </option>
                      <option
                        id="presentation"
                        value="presentation"
                      >
                        Presentation
                      </option>
                      <option
                        id="interactive"
                        value="interactive"
                      >
                        Interactive
                      </option>
                    </select>
                  </div>
                </div>
                <ul>
                  <li>
                    <div
                      className="button active"
                      onClick={[Function]}
                    >
                      <figure>
                        <figcaption>
                          Image
                        </figcaption>
                        <div
                          className="resource-icon image"
                        >
                          <svg
                            height="64px"
                            version="1.1"
                            viewBox="0 0 85.11326 64"
                            width="85.11326px"
                          >
                            <path
                              d="M83.64835,0H1.46492C0.65592,0,0,0.65592,0,1.46492v61.07017C0,63.34479,0.65592,64,1.46492,64h82.18343c0.80971,0,1.46491-0.65521,1.46491-1.46492V1.46492C85.11326,0.65592,84.45805,0,83.64835,0z M82.18343,2.92983v50.38317l-8.89108-11.98489c-1.16735-1.57364-3.03712-2.56218-5.13007-2.71382c-2.13873-0.16166-4.19733,0.58082-5.63364,2.02142l-8.15575,8.1858L34.76174,25.48155c-1.27107-1.51213-3.20808-2.40052-5.31462-2.43771c-2.11869-0.03791-4.09934,0.79111-5.43479,2.27105l-21.0825,23.3743V2.92983H82.18343z M2.92983,61.07017v-8.00573l23.25842-25.7868c0.76751-0.8512,1.93272-1.35405,3.20808-1.30398c1.2582,0.02146,2.39694,0.52932,3.12225,1.39339L53.15976,51.9316c0.26466,0.31473,0.64949,0.50357,1.06006,0.52073c0.41058,0.02003,0.80971-0.13877,1.09869-0.42917l9.28448-9.31882c0.83403-0.83546,2.0443-1.26177,3.34756-1.16879c1.24174,0.09013,2.33186,0.65091,2.98992,1.53788l11.24295,15.15515v2.84159H2.92983z"
                            />
                            <path
                              d="M62.25397,30.03724c-5.01706,0-9.09994-4.08217-9.09994-9.09994s4.08289-9.09994,9.09994-9.09994s9.09994,4.08217,9.09994,9.09994S67.27103,30.03724,62.25397,30.03724z M62.25397,14.76719c-3.40193,0-6.17011,2.76818-6.17011,6.1701s2.76818,6.1701,6.17011,6.1701c3.40192,0,6.1701-2.76818,6.1701-6.1701S65.6559,14.76719,62.25397,14.76719z"
                            />
                          </svg>
                        </div>
                      </figure>
                    </div>
                  </li>
                  <li>
                    <div
                      className="button"
                      onClick={[Function]}
                    >
                      <figure>
                        <figcaption>
                          Video
                        </figcaption>
                        <div
                          className="resource-icon video"
                        >
                          <svg
                            height="63.99999px"
                            version="1.1"
                            viewBox="0 0 72.28041 63.99999"
                            width="72.28041px"
                          >
                            <g>
                              <path
                                d="M71.02138,27.47503H12.53059l57.4408-11.5072c0.32703-0.06573,0.61597-0.25818,0.80042-0.53668c0.18567-0.27783,0.25201-0.6178,0.18689-0.94489L68.25862,1.01189c-0.13647-0.68243-0.80286-1.12317-1.48157-0.9873L1.01204,13.20019c-0.68176,0.13647-1.12378,0.7998-0.9873,1.48157l2.69885,13.47381c0.00989,0.04926,0.0412,0.08917,0.05664,0.13641c-0.05237,0.13849-0.08923,0.28528-0.08923,0.44208v34.0069c0,0.69592,0.56372,1.25903,1.25903,1.25903h67.07135c0.69592,0,1.25903-0.56311,1.25903-1.25903v-34.0069C72.28041,28.03875,71.7173,27.47503,71.02138,27.47503z M44.35371,18.53191l-9.61652,1.92651l4.62689-12.37396l9.61548-1.92645L44.35371,18.53191z M51.88496,5.57592l9.61633-1.92664l-4.62695,12.37427l-9.61523,1.92627L51.88496,5.57592z M31.83162,21.04052l-9.61572,1.92639l4.62628-12.37366l9.61633-1.92664L31.83162,21.04052z M19.31038,23.54894l-9.61591,1.92645l4.62622-12.37347l9.61603-1.92657L19.31038,23.54894z M68.24263,13.74609l-8.46283,1.69537l4.62701-12.37427l1.63007-0.3266L68.24263,13.74609zM11.41512,13.68401L6.78896,26.05749l-1.84363,0.36932L2.7408,15.42193L11.41512,13.68401z M69.76234,61.48193H5.20906V29.99309h64.55328V61.48193z"
                              />
                            </g>
                            <path
                              d="M31.48531,53.99529c0.19733,0.1156,0.41864,0.17462,0.64056,0.17462c0.20905,0,0.41803-0.05164,0.60742-0.15619l14.01721-7.71649c0.40204-0.22131,0.65167-0.64429,0.65167-1.10291s-0.24963-0.88153-0.65167-1.10284l-14.01721-7.71533c-0.38977-0.21515-0.86438-0.20532-1.24799,0.01849c-0.38361,0.22742-0.61847,0.63934-0.61847,1.08441v15.43182C30.86684,53.35595,31.10231,53.76788,31.48531,53.99529z M33.3849,39.60857l10.14795,5.58575L33.3849,50.78008V39.60857z"
                            />
                          </svg>
                        </div>
                      </figure>
                    </div>
                  </li>
                  <li>
                    <div
                      className="button"
                      onClick={[Function]}
                    >
                      <figure>
                        <figcaption>
                          Audio
                        </figcaption>
                        <div
                          className="resource-icon audio"
                        >
                          <svg
                            height="64px"
                            version="1.1"
                            viewBox="0 0 86.04981 64"
                            width="86.04981px"
                          >
                            <g>
                              <g>
                                <g>
                                  <path
                                    d="M67.38091,33.58765c-0.85694,0-1.55283-0.69285-1.55587-1.55131c-0.00304-0.85922,0.69133-1.55815,1.55131-1.56043l17.11302-0.05014c0.00152,0,0.00304,0,0.00456,0c0.85694,0,1.55283,0.69361,1.55586,1.55131c0.00304,0.85998-0.69132,1.55738-1.55131,1.56042l-17.11302,0.05014C67.38395,33.58765,67.38243,33.58765,67.38091,33.58765z"
                                  />
                                </g>
                                <g>
                                  <path
                                    d="M63.49732,19.26045c-0.53635,0-1.0575-0.27729-1.34619-0.77413c-0.43303-0.74299-0.18081-1.69489,0.56218-2.12716l14.79593-8.60057c0.74147-0.43227,1.69414-0.17929,2.12717,0.5637s0.18081,1.69489-0.56218,2.12716l-14.79594,8.60057C64.03215,19.19284,63.76321,19.26045,63.49732,19.26045z"
                                  />
                                </g>
                                <g>
                                  <path
                                    d="M78.42545,56.45161c-0.26286,0-0.52876-0.06685-0.77186-0.20664l-14.84608-8.51321c-0.74603-0.42695-1.00432-1.3781-0.57585-2.1226c0.42695-0.74603,1.37962-1.00433,2.1226-0.57586l14.84608,8.51321c0.74603,0.42695,1.00432,1.3781,0.57585,2.1226C79.48902,56.17052,78.96483,56.45161,78.42545,56.45161z"
                                  />
                                </g>
                              </g>
                              <g>
                                <path
                                  d="M46.28098,64c-0.26286,0-0.52723-0.06685-0.76426-0.20056L18.80867,48.73305H1.55587C0.69665,48.73305,0,48.03717,0,47.17719V16.82182c0-0.85922,0.69665-1.55587,1.55587-1.55587h17.25281L45.51672,0.20108c0.48165-0.27197,1.0727-0.26817,1.54827,0.01216c0.47861,0.27881,0.77185,0.79009,0.77185,1.34315v60.88775c0,0.55306-0.29324,1.0651-0.77185,1.34315C46.82341,63.92859,46.55295,64,46.28098,64z M3.11173,45.62132h16.10566c0.26818,0,0.53103,0.06989,0.76426,0.20056l24.74346,13.95874V4.22066L19.98165,18.17712c-0.23323,0.13143-0.49608,0.20056-0.76426,0.20056H3.11173V45.62132z"
                                />
                              </g>
                              <g>
                                <path
                                  d="M19.21739,41.38219c-0.85922,0-1.55587-0.69589-1.55587-1.55587V24.17344c0-0.85922,0.69665-1.55587,1.55587-1.55587s1.55587,0.69665,1.55587,1.55587v15.65288C20.77326,40.6863,20.07662,41.38219,19.21739,41.38219z"
                                />
                              </g>
                            </g>
                          </svg>
                        </div>
                      </figure>
                    </div>
                  </li>
                  <li>
                    <div
                      className="button"
                      onClick={[Function]}
                    >
                      <figure>
                        <figcaption>
                          File
                        </figcaption>
                        <div
                          className="resource-icon file"
                        >
                          <svg
                            height="64px"
                            version="1.1"
                            viewBox="0 0 60.76511 64"
                            width="60.76511px"
                          >
                            <path
                              d="M60.76511,40.77055V23.2292c0-0.1557-0.03971-0.29975-0.10136-0.43213c-0.01834-0.03953-0.0486-0.06947-0.0718-0.10647c-0.05585-0.08876-0.11744-0.16951-0.19687-0.23734c-0.01595-0.01368-0.02257-0.0348-0.03946-0.04759L31.00538,0.20954c-0.36814-0.27939-0.8775-0.27939-1.24564,0L0.41,22.40566C0.1518,22.60083,0,22.90543,0,23.2292c0,0.29426,0.13831,0.56249,0.35503,0.75735v16.02629C0.13831,40.20806,0,40.47629,0,40.77055c0,0.32377,0.1518,0.62837,0.41,0.82404l29.34974,22.19662c0.04387,0.03316,0.09475,0.04942,0.14221,0.0747c0.03871,0.0208,0.07331,0.04444,0.11473,0.06026C30.135,63.97126,30.25774,64,30.38256,64s0.24755-0.02874,0.36588-0.07382c0.04142-0.01582,0.07603-0.03946,0.11473-0.06026c0.04747-0.02528,0.09834-0.04154,0.14222-0.0747l29.35024-22.19662c0.01714-0.01299,0.02383-0.03436,0.04003-0.04829c0.07924-0.06776,0.14064-0.14839,0.19643-0.23709c0.02313-0.03688,0.05333-0.06682,0.07161-0.10628C60.72534,41.07049,60.76511,40.92638,60.76511,40.77055z M58.69947,38.69413l-8.85225-6.69425l8.85225-6.69463V38.69413z M48.13471,30.70487L31.6524,18.24071V3.28847L58.01966,23.2292L48.13471,30.70487z M30.38256,44.13025L14.34259,32l16.03997-12.13L46.42221,32L30.38256,44.13025z M29.58625,2.93035v14.95224L12.6304,30.70513L2.74495,23.2292L29.58625,2.93035z M10.91821,31.99987l-8.49753,6.42609V25.57335L10.91821,31.99987z M12.6304,33.29481l16.71933,12.64446V60.891L2.74495,40.77055L12.6304,33.29481z M31.41538,60.891V45.93927L48.13465,33.295l9.88501,7.47555L31.41538,60.891z"
                            />
                          </svg>
                        </div>
                      </figure>
                    </div>
                  </li>
                  <li>
                    <div
                      className="button"
                      onClick={[Function]}
                    >
                      <figure>
                        <figcaption>
                          Link
                        </figcaption>
                        <div
                          className="resource-icon link"
                        >
                          <svg
                            height="64px"
                            version="1.1"
                            viewBox="0 0 51.39685 64"
                            width="51.39685px"
                          >
                            <path
                              d="M14.18804,11.6523c-0.38495,0-0.76037-0.19331-0.97778-0.54464L9.15067,4.53162c-0.33284-0.5396-0.1653-1.24673,0.37374-1.57957c0.5396-0.33284,1.24561-0.1653,1.57957,0.37374l4.05959,6.57603c0.33284,0.5396,0.1653,1.24673-0.37374,1.57957C14.60212,11.59738,14.39368,11.6523,14.18804,11.6523z"
                            />
                            <path
                              d="M23.21047,9.58412c-0.07172,0-0.14513-0.00672-0.21853-0.02073c-0.62197-0.11991-1.02933-0.72171-0.90942-1.34423l1.40587-7.28989c0.11991-0.62141,0.7217-1.0254,1.34423-0.90942c0.62197,0.11991,1.02933,0.7217,0.90942,1.34423l-1.40587,7.28989C24.23027,9.20253,23.74951,9.58412,23.21047,9.58412z"
                            />
                            <path
                              d="M8.29561,18.79202c-0.10254,0-0.20732-0.01401-0.31098-0.04314l-7.14701-2.0099c-0.6102-0.17202-0.96601-0.80576-0.79455-1.41539c0.17258-0.61076,0.808-0.96545,1.41539-0.79455l7.14701,2.0099c0.6102,0.17202,0.96601,0.80576,0.79455,1.41539C9.25714,18.46087,8.79711,18.79202,8.29561,18.79202z"
                            />
                            <path
                              d="M43.36946,64c-0.3687,0-0.73067-0.17706-0.95256-0.50542L31.91744,47.93086l-8.7305,5.32425c-0.33564,0.20732-0.75364,0.22413-1.10665,0.04931c-0.35245-0.17482-0.59115-0.51886-0.63205-0.90997l-3.51047-33.70889c-0.04539-0.43818,0.16362-0.86347,0.53848-1.09488c0.37542-0.23086,0.85058-0.22861,1.21984,0.00841l28.57515,18.22305c0.33396,0.21292,0.53456,0.58274,0.53008,0.97946c-0.00449,0.39559-0.21293,0.76205-0.55136,0.96825l-7.38067,4.4916l10.33249,15.39674c0.17034,0.25439,0.2331,0.56593,0.17258,0.86515c-0.05939,0.29922-0.23646,0.56257-0.49197,0.73179l-6.88085,4.55436C43.80652,63.93836,43.58687,64,43.36946,64z M32.25476,45.23343c0.36982,0,0.73179,0.17818,0.95256,0.50542l10.47593,15.52898l4.96901-3.28913L38.29512,42.54497c-0.17482-0.25999-0.23534-0.5805-0.1681-0.88644c0.06724-0.30594,0.25663-0.57042,0.52447-0.73403l6.83266-4.15765L20.4671,20.81257l3.07565,29.53779l8.11582-4.94883C31.8446,45.28722,32.0508,45.23343,32.25476,45.23343z"
                            />
                          </svg>
                        </div>
                      </figure>
                    </div>
                  </li>
                  <li>
                    <div
                      className="button"
                      onClick={[Function]}
                    >
                      <figure>
                        <figcaption>
                          PDF
                        </figcaption>
                        <div
                          className="resource-icon pdf"
                        >
                          <svg
                            height="64px"
                            version="1.1"
                            viewBox="0 0 51.39685 64"
                            width="51.39685px"
                          >
                            <g>
                              <path
                                d="M46.37336,13.22123c-0.00264-0.0027-0.00338-0.00642-0.00608-0.00913L34.1008,0.94886c-0.00561-0.00561-0.01115-0.01115-0.01677-0.01677l-0.05706-0.05706C34.00872,0.85679,33.98438,0.8507,33.96525,0.834C33.39686,0.32124,32.65209,0,31.82802,0H1.10759C0.49593,0,0,0.49593,0,1.10759v61.78482C0,63.50461,0.49593,64,1.10759,64h45.1061c0.61221,0,1.10759-0.49539,1.10759-1.10759V15.49326C47.32128,14.60571,46.95812,13.80213,46.37336,13.22123z M35.03289,5.01268l7.27761,7.27571h-7.27761V5.01268z M45.1061,61.78482H2.21518V2.21518h29.61284c0.26946,0,0.51269,0.10945,0.69123,0.28447l0.01413,0.0142c0.17495,0.1786,0.28433,0.42184,0.28433,0.69103v10.19111c0,0.61166,0.49539,1.10759,1.10759,1.10759h10.19111c0.54622,0,0.98969,0.44401,0.98969,0.98969V61.78482z"
                              />
                            </g>
                            <g>
                              <path
                                d="M12.37708,46.14338c-0.57272,0-1.1395-0.12763-1.62839-0.38181c-0.70252-0.36343-1.17789-0.96049-1.3396-1.67869c-0.34288-1.52618,1.15031-3.28707,2.3136-3.92199c1.67382-0.91181,3.46879-1.6484,5.35244-2.31901c1.30715-2.75275,2.61646-6.18205,3.63157-9.71628c-0.71496-1.4894-1.30877-3.06804-1.76089-4.71158c-0.27744-1.01024-0.51161-2.19841-0.14061-3.35413c0.42562-1.32824,1.85283-2.52128,3.41362-2.12702c1.65922,0.41697,2.45314,2.28765,2.02373,4.7662c-0.27203,1.56782-0.67656,3.32601-1.18006,5.1545c1.29579,2.47964,2.96474,4.67426,4.85651,6.40811c2.64242-0.81771,5.15396-1.21359,7.90455-0.12655c1.12598,0.44347,2.07132,1.34122,2.46611,2.34173c0.29312,0.74092,0.2769,1.49265-0.04651,2.17407c-0.72794,1.53483-2.6316,2.03887-4.96576,1.31959c-2.07565-0.64249-4.0626-1.7425-5.87757-3.20703c-0.13088,0.04543-0.26175,0.09085-0.39371,0.13737c-1.65057,0.57759-3.24813,1.08595-4.78729,1.57485c-1.21359,0.38614-2.40392,0.76471-3.55802,1.1595c-1.58837,3.17783-3.29518,5.58121-4.85111,6.22802c-0.00054,0-0.00054,0-0.00108,0C13.35704,46.05036,12.8649,46.14338,12.37708,46.14338z M13.38462,44.84002h0.01082H13.38462z M15.51056,40.8142c-0.94913,0.39479-1.86094,0.81987-2.72733,1.29147c-0.61004,0.33314-1.22657,1.21791-1.21088,1.50563c0.01406,0.05733,0.08058,0.12439,0.19632,0.18388c0.31962,0.16765,0.81987,0.17631,1.19087,0.02163l0,0C13.64529,43.53233,14.54142,42.44313,15.51056,40.8142z M30.0747,35.9685c1.23414,0.83393,2.53101,1.47534,3.85601,1.88528c0.94751,0.29096,2.07781,0.33747,2.31144-0.15143c0.03786-0.08004,0.07139-0.2001-0.0119-0.41102c-0.16765-0.42183-0.68034-0.88261-1.22008-1.09677C33.35853,35.54342,31.76961,35.58884,30.0747,35.9685z M22.18151,30.8048c-0.66412,2.07024-1.42991,4.14913-2.25249,6.07767c0.53432-0.17306,1.07406-0.34396,1.61866-0.51702c1.2866-0.40994,2.61484-0.83177,3.98202-1.29904C24.29393,33.81065,23.16688,32.37749,22.18151,30.8048z M21.62015,20.07396c-0.23147,0-0.58354,0.28176-0.70576,0.66304c-0.19253,0.6003-0.03353,1.35907,0.16765,2.08971c0.15954,0.57975,0.33909,1.15194,0.53811,1.71492c0.16495-0.74578,0.31259-1.48832,0.43968-2.22113c0.19632-1.13247,0.02596-2.1373-0.38019-2.23951C21.66071,20.07666,21.64124,20.07396,21.62015,20.07396z"
                              />
                            </g>
                          </svg>
                        </div>
                      </figure>
                    </div>
                  </li>
                  <li>
                    <div
                      className="button"
                      onClick={[Function]}
                    >
                      <figure>
                        <figcaption>
                          Document
                        </figcaption>
                        <div
                          className="resource-icon document"
                        >
                          <svg
                            height="64px"
                            version="1.1"
                            viewBox="0 0 47.22322 64"
                            width="47.22322px"
                          >
                            <path
                              d="M46.32474,13.24384c-0.00254-0.00259-0.00322-0.00615-0.00575-0.00869l-12.3427-12.3405c-0.00316-0.00316-0.00615-0.00615-0.00931-0.00931l-0.06103-0.06097c-0.01952-0.01952-0.04529-0.02651-0.06605-0.04388C33.30312,0.30068,32.60266,0,31.82763,0H0.9241C0.41377,0,0,0.41377,0,0.9241V63.0759C0,63.58669,0.41377,64,0.9241,64h45.37503c0.51078,0,0.9241-0.41331,0.9241-0.9241V15.39559C47.22322,14.55491,46.87889,13.79388,46.32474,13.24384z M34.86163,4.39312l7.96994,7.96847h-7.96994V4.39312z M45.37503,62.15181H1.84819V1.84819h29.97944c0.32465,0,0.61828,0.13204,0.83256,0.34389l0.00953,0.00953c0.21185,0.21433,0.34372,0.50796,0.34372,0.83239v10.2517c0,0.51033,0.41331,0.9241,0.9241,0.9241h10.2517c0.65427,0,1.1858,0.53199,1.1858,1.1858V62.15181z"
                            />
                            <path
                              d="M35.62419,23.13355H10.02744c-0.51033,0-0.9241-0.41377-0.9241-0.9241s0.41377-0.9241,0.9241-0.9241h25.59675c0.51078,0,0.9241,0.41377,0.9241,0.9241S36.13497,23.13355,35.62419,23.13355z"
                            />
                            <path
                              d="M35.62419,34.93969H10.02744c-0.51033,0-0.9241-0.41332-0.9241-0.9241s0.41377-0.9241,0.9241-0.9241h25.59675c0.51078,0,0.9241,0.41331,0.9241,0.9241S36.13497,34.93969,35.62419,34.93969z"
                            />
                            <path
                              d="M35.62419,46.74538H10.02744c-0.51033,0-0.9241-0.41331-0.9241-0.9241s0.41377-0.9241,0.9241-0.9241h25.59675c0.51078,0,0.9241,0.41331,0.9241,0.9241S36.13497,46.74538,35.62419,46.74538z"
                            />
                            <path
                              d="M31.52893,28.8347H10.02744c-0.51033,0-0.9241-0.41377-0.9241-0.9241s0.41377-0.9241,0.9241-0.9241h21.50149c0.51078,0,0.9241,0.41377,0.9241,0.9241S32.03971,28.8347,31.52893,28.8347z"
                            />
                            <path
                              d="M31.52893,40.65303H10.02744c-0.51033,0-0.9241-0.41331-0.9241-0.9241s0.41377-0.9241,0.9241-0.9241h21.50149c0.51078,0,0.9241,0.41332,0.9241,0.9241S32.03971,40.65303,31.52893,40.65303z"
                            />
                          </svg>
                        </div>
                      </figure>
                    </div>
                  </li>
                  <li>
                    <div
                      className="button"
                      onClick={[Function]}
                    >
                      <figure>
                        <figcaption>
                          Spreadsheet
                        </figcaption>
                        <div
                          className="resource-icon spreadsheet"
                        >
                          <svg
                            height="64px"
                            version="1.1"
                            viewBox="0 0 87.08655 64"
                            width="87.08655px"
                          >
                            <path
                              d="M85.63855,0.03815H21.02087C20.91766,0.01477,20.81128,0,20.70099,0s-0.21667,0.01477-0.31989,0.03815H1.448C0.64838,0.03815,0,0.68652,0,1.48621v61.06573C0,63.35236,0.64838,64,1.448,64h84.19055c0.80035,0,1.448-0.64764,1.448-1.44806V1.48621C87.08655,0.68652,86.4389,0.03815,85.63855,0.03815z M84.19049,15.9574h-62.0415V2.93427h62.0415V15.9574zM19.25293,2.93427V15.9574H2.89606V2.93427H19.25293z M2.89606,18.85345h16.35687v42.25043H2.89606V18.85345z M22.14899,61.10388V18.85345h62.0415v42.25043H22.14899z"
                            />
                          </svg>
                        </div>
                      </figure>
                    </div>
                  </li>
                  <li>
                    <div
                      className="button"
                      onClick={[Function]}
                    >
                      <figure>
                        <figcaption>
                          Presentation
                        </figcaption>
                        <div
                          className="resource-icon presentation"
                        >
                          <svg
                            height="64px"
                            version="1.1"
                            viewBox="0 0 64.0012 64"
                            width="64.0012px"
                          >
                            <path
                              d="M28.71287,64C12.88071,64,0,51.11929,0,35.28773C0,19.45557,12.88071,6.57546,28.71287,6.57546c0.67614,0,1.22434,0.5482,1.22434,1.22434v26.26358h26.26358c0.67673,0,1.22434,0.54761,1.22434,1.22434C57.42514,51.11929,44.54443,64,28.71287,64z M27.48853,9.05224C13.57239,9.69371,2.44869,21.21616,2.44869,35.28773c0,14.48168,11.78191,26.26358,26.26418,26.26358c14.07157,0,25.59402-11.1231,26.23489-25.03924H28.71287 c-0.67614,0-1.22434-0.54761-1.22434-1.22434V9.05224z"
                            />
                            <path
                              d="M62.77685,29.93661H35.28773c-0.67673,0-1.22434-0.5482-1.22434-1.22434V1.22434C34.06339,0.5482,34.611,0,35.28773,0C51.12049,0,64.0012,12.88011,64.0012,28.71227C64.0012,29.38841,63.45359,29.93661,62.77685,29.93661z M36.51207,27.48793h25.01174C60.90208,13.97771,50.02288,3.09971,36.51207,2.47678V27.48793z"
                            />
                          </svg>
                        </div>
                      </figure>
                    </div>
                  </li>
                  <li>
                    <div
                      className="button"
                      onClick={[Function]}
                    >
                      <figure>
                        <figcaption>
                          Interactive
                        </figcaption>
                        <div
                          className="resource-icon interactive"
                        >
                          <svg
                            height="64px"
                            version="1.1"
                            viewBox="0 0 47.43385 64"
                            width="47.43385px"
                          >
                            <path
                              d="M17.28714,8.61642c-0.60809,0-1.10111-0.49303-1.10111-1.10111V1.10111C16.18603,0.49303,16.67905,0,17.28714,0s1.10111,0.49303,1.10111,1.10111v6.41419C18.38825,8.12339,17.89523,8.61642,17.28714,8.61642z"
                            />
                            <path
                              d="M24.56104,11.08908c-0.26668,0-0.53389-0.09624-0.74519-0.29087c-0.44786-0.4113-0.4769-1.1081-0.06506-1.55543l4.17057-4.5351c0.41292-0.44786,1.10864-0.47582,1.55597-0.06506c0.44733,0.4113,0.47743,1.1081,0.06559,1.55543l-4.17111,4.5351C25.15461,10.96919,24.85782,11.08908,24.56104,11.08908z"
                            />
                            <path
                              d="M33.47209,17.05971h-5.89805c-0.60862,0-1.10111-0.49303-1.10111-1.10111s0.49249-1.10111,1.10111-1.10111h5.89805c0.60862,0,1.10111,0.49303,1.10111,1.10111S34.08072,17.05971,33.47209,17.05971z"
                            />
                            <path
                              d="M7.00024,17.05971H1.10111C0.49303,17.05971,0,16.56669,0,15.9586s0.49303-1.10111,1.10111-1.10111h5.89912c0.60809,0,1.10111,0.49303,1.10111,1.10111S7.60832,17.05971,7.00024,17.05971z"
                            />
                            <path
                              d="M10.01378,11.08908c-0.29732,0-0.59411-0.1199-0.81078-0.35593l-4.17111-4.5351C4.62005,5.75073,4.64908,5.05393,5.09695,4.64263c0.44733-0.4113,1.14574-0.38281,1.55543,0.06506l4.17111,4.5351c0.41184,0.44733,0.38281,1.14412-0.06506,1.55543C10.54713,10.99284,10.27991,11.08908,10.01378,11.08908z"
                            />
                            <path
                              d="M42.22724,33.92371c-1.18158,0-2.25995,0.3844-3.13464,1.00732c-0.51837-2.17743-2.59308-3.81281-5.07532-3.81281c-1.15869,0-2.21942,0.3678-3.08533,0.96863c-0.38849-2.32837-2.52863-4.12085-5.12463-4.12085c-1.12103,0-2.15381,0.34052-3.00439,0.90631V17.95007c0-1.32428-0.55756-2.5625-1.56995-3.48615c-1.10272-1.00488-2.62378-1.50439-4.16034-1.35864c-2.62592,0.24084-4.68244,2.46405-4.68244,5.06036v24.24219c-1.31134-2.29578-3.17859-4.75281-5.47333-5.60126c-1.49731-0.55481-2.99524-0.4054-4.45123,0.44629c-2.61938,1.53015-0.79083,5.526-0.54193,6.03674c0.01831,0.03333,1.81354,3.30225,2.20117,8.7616c0.44086,6.20667,6.64539,11.47028,6.90936,11.69177C11.24018,63.91614,11.49122,64,11.74073,64c0.31451,0,0.62689-0.1344,0.84467-0.39355c0.39032-0.46667,0.32904-1.16138-0.13715-1.5517c-0.0575-0.0484-5.75122-4.87543-6.12653-10.16052c-0.42584-5.9895-2.39526-9.53693-2.4447-9.61969c-0.41614-0.87103-0.95001-2.74097-0.30054-3.12054c0.87097-0.5097,1.71295-0.60327,2.57477-0.28284c3.01843,1.11511,5.57062,6.80566,6.29968,8.9046c0.17639,0.50757,0.69574,0.80865,1.22369,0.72479c0.5296-0.09033,0.91779-0.5484,0.91779-1.08606V18.16565c0-1.46997,1.17798-2.72968,2.68128-2.86786c0.92963-0.08441,1.8291,0.20435,2.47485,0.79303c0.54944,0.50165,0.85217,1.16187,0.85217,1.85925v14.88544v3.21942v5.30664c0,0.60864,0.49298,1.10114,1.10107,1.10114s1.10114-0.49249,1.10114-1.10114v-5.30664v-3.21942c0-1.47101,1.3479-2.6673,3.00439-2.6673c1.65594,0,3.00336,1.19629,3.00336,2.6673v3.15173v3.31299v2.06134c0,0.60864,0.49243,1.10114,1.10107,1.10114s1.10114-0.49249,1.10114-1.10114v-2.06134v-3.31299c0-1.46997,1.34735-2.66681,3.00439-2.66681s3.00439,1.19684,3.00439,2.66681v2.80542v3.71411v1.96674c0,0.60864,0.49249,1.10114,1.10114,1.10114c0.60858,0,1.10107-0.49249,1.10107-1.10114v-1.96674v-3.71411c0-1.46991,1.34735-2.66675,3.00336-2.66675c1.65704,0,3.00439,1.19684,3.00439,2.66675v24.1062c0,0.60864,0.49249,1.10114,1.10107,1.10114c0.60864,0,1.10114-0.49249,1.10114-1.10114v-24.1062C47.43385,36.10767,45.09827,33.92371,42.22724,33.92371z"
                            />
                          </svg>
                        </div>
                      </figure>
                    </div>
                  </li>
                </ul>
              </div>
            </div>
            <div
              className="form-input"
              style={Object {}}
            >
              <label
                className=""
              >
                Title
              </label>
              <input
                onChange={[Function]}
                placeholder="Enter a resource title"
                type="text"
                value=""
              />
            </div>
            <div
              className="form-input"
            >
              <div
                className="form-input"
                style={Object {}}
              >
                <label
                  className=""
                >
                  Description
                </label>
                <textarea
                  onChange={[Function]}
                  placeholder="Enter a description"
                  style={
                    Object {
                      "height": 100,
                    }
                  }
                  value=""
                />
              </div>
            </div>
            <div
              className="form-input"
            >
              <div
                className="form-input"
                style={Object {}}
              >
                <label
                  className=""
                >
                  Image File
                </label>
                <Dropzone
                  accept="image/*"
                  className="form-dropzone style-square"
                  multiple={false}
                  onDrop={[Function]}
                  style={undefined}
                >
                  <div
                    className="contents-empty"
                  >
                    <i
                      className="manicon manicon-cloud-up"
                    />
                    <div
                      className="message"
                    >
                      <p
                        className="primary"
                      >
                        Upload a file or
                        <br />
                        drag and drop here
                        <br />
                      </p>
                      <p
                        className="secondary"
                      >
                        jpeg, tiff, gif, png
                      </p>
                    </div>
                  </div>
                </Dropzone>
              </div>
            </div>
            <div
              className="form-input submit"
            >
              <a
                className="button-secondary outlined dull"
                href="/backend/project/undefined/resources"
                onClick={[Function]}
              >
                Cancel
              </a>
              <input
                className="button-secondary outlined"
                type="submit"
                value="Save and continue"
              />
            </div>
          </form>
        </div>
      </div>
    </div>
  </section>
</div>
`;
