// Jest Snapshot v1, https://goo.gl/fbAQLP

exports[`global/components/form/Hidden matches the snapshot 1`] = `
<ContextConsumer>
  <Component />
</ContextConsumer>
`;
