// Jest Snapshot v1, https://goo.gl/fbAQLP

exports[`Backend.Navigation.Breadcrumb component renders correctly 1`] = `
<nav
  className="breadcrumb-primary"
>
  <div
    className="container flush"
  >
    <a
      className="initial"
      href="/link-1"
      onClick={[Function]}
    >
      <i
        aria-hidden="true"
        className="manicon manicon-arrow-left"
      />
      Back to:
    </a>
    <ul>
      <li>
        <a
          className="back-link-primary-segment"
          href="/link-1"
          onClick={[Function]}
        >
          Link One
        </a>
      </li>
      <li>
        <a
          className="back-link-primary-segment"
          href="/link-2"
          onClick={[Function]}
        >
          Link Two
        </a>
      </li>
    </ul>
  </div>
</nav>
`;
