// Jest Snapshot v1, https://goo.gl/fbAQLP

exports[`backend/containers/text/ingestion/Edit matches the snapshot when rendered 1`] = `"<div></div>"`;
