// Jest Snapshot v1, https://goo.gl/fbAQLP

exports[`Backend Project Permissions Container renders correctly 1`] = `
<Connect(withRouter(AuthorizeComponent))
  ability="managePermissions"
  entity={
    Object {
      "attributes": Object {
        "abilities": Object {
          "create": true,
          "createPermissions": true,
          "createResourceCollections": true,
          "createResources": true,
          "createTexts": true,
          "createTwitterQueries": true,
          "delete": true,
          "manageEvents": true,
          "managePermissions": true,
          "manageResourceCollections": true,
          "manageResources": true,
          "manageSocials": true,
          "manageTexts": true,
          "manageTwitterQueries": true,
          "read": true,
          "readDeleted": true,
          "readDrafts": true,
          "readLog": true,
          "readSecrets": true,
          "update": true,
          "updateMakers": true,
        },
        "avatarColor": "primary",
        "avatarMeta": Object {},
        "avatarStyles": Object {},
        "coverStyles": Object {},
        "darkMode": false,
        "description": "The look in your eyes, I recognize it. You used to have it for me. I guess it's better to be lucky than good. Mr. Crusher, ready a collision course with the Borg ship. My oath is between Captain Kargan and myself. Your only concern is with how you obey my orders. Or do you prefer the rank of prisoner to that of lieutenant? That might've been one of the shortest assignments in the history of Starfleet. I'll alert the crew.",
        "descriptionFormatted": "The look in your eyes, I recognize it. You used to have it for me. I guess it's better to be lucky than good. Mr. Crusher, ready a collision course with the Borg ship. My oath is between Captain Kargan and myself. Your only concern is with how you obey my orders. Or do you prefer the rank of prisoner to that of lieutenant? That might've been one of the shortest assignments in the history of Starfleet. I'll alert the crew.",
        "downloadCallToAction": "Download the greatest dog",
        "hashtag": "cute_dog",
        "heroStyles": Object {},
        "hideActivity": false,
        "imageCreditsFormatted": "<p>Rowan, <em>The Dog</em></p>",
        "metadata": Object {
          "doi": "https://doi.org/10.12345.6789",
        },
        "metadataFormatted": Object {
          "doi": "https://doi.org/10.12345.6789",
        },
        "metadataProperties": Array [
          "abstract",
          "archive",
          "archiveLocation",
          "archivePlace",
          "authority",
          "callNumber",
          "collectionTitle",
          "containerTitle",
          "dimensions",
          "event",
          "eventPlace",
          "isbn",
          "issn",
          "jurisdiction",
          "medium",
          "originalPublisher",
          "originalPublisherPlace",
          "originalTitle",
          "pmcid",
          "pmid",
          "publisher",
          "publisherPlace",
          "reviewedTitle",
          "section",
          "version",
          "yearSuffix",
          "chapterNumber",
          "collectionNumber",
          "edition",
          "issue",
          "number",
          "numberOfPages",
          "numberOfVolumes",
          "volume",
        ],
        "slug": "slug-1",
        "subtitle": "World's Greatest Dog",
        "title": "Rowan Test",
        "titleFormatted": "Rowan Test",
        "titlePlaintext": "Rowan Test",
      },
      "id": "1",
      "relationships": Object {
        "actionCallouts": Array [],
        "makers": Array [
          Object {
            "attributes": Object {
              "firstName": "John",
              "fullName": "John Milton",
              "lastName": "Milton",
            },
            "type": "maker",
          },
        ],
        "resources": Array [],
      },
      "type": "projects",
    }
  }
  failureNotification={true}
  failureRedirect="/backend/projects/1"
>
  <section>
    <withRouter(Connect(HigherOrder.FetchData('PermissionContainer)))
      entity={
        Object {
          "attributes": Object {
            "abilities": Object {
              "create": true,
              "createPermissions": true,
              "createResourceCollections": true,
              "createResources": true,
              "createTexts": true,
              "createTwitterQueries": true,
              "delete": true,
              "manageEvents": true,
              "managePermissions": true,
              "manageResourceCollections": true,
              "manageResources": true,
              "manageSocials": true,
              "manageTexts": true,
              "manageTwitterQueries": true,
              "read": true,
              "readDeleted": true,
              "readDrafts": true,
              "readLog": true,
              "readSecrets": true,
              "update": true,
              "updateMakers": true,
            },
            "avatarColor": "primary",
            "avatarMeta": Object {},
            "avatarStyles": Object {},
            "coverStyles": Object {},
            "darkMode": false,
            "description": "The look in your eyes, I recognize it. You used to have it for me. I guess it's better to be lucky than good. Mr. Crusher, ready a collision course with the Borg ship. My oath is between Captain Kargan and myself. Your only concern is with how you obey my orders. Or do you prefer the rank of prisoner to that of lieutenant? That might've been one of the shortest assignments in the history of Starfleet. I'll alert the crew.",
            "descriptionFormatted": "The look in your eyes, I recognize it. You used to have it for me. I guess it's better to be lucky than good. Mr. Crusher, ready a collision course with the Borg ship. My oath is between Captain Kargan and myself. Your only concern is with how you obey my orders. Or do you prefer the rank of prisoner to that of lieutenant? That might've been one of the shortest assignments in the history of Starfleet. I'll alert the crew.",
            "downloadCallToAction": "Download the greatest dog",
            "hashtag": "cute_dog",
            "heroStyles": Object {},
            "hideActivity": false,
            "imageCreditsFormatted": "<p>Rowan, <em>The Dog</em></p>",
            "metadata": Object {
              "doi": "https://doi.org/10.12345.6789",
            },
            "metadataFormatted": Object {
              "doi": "https://doi.org/10.12345.6789",
            },
            "metadataProperties": Array [
              "abstract",
              "archive",
              "archiveLocation",
              "archivePlace",
              "authority",
              "callNumber",
              "collectionTitle",
              "containerTitle",
              "dimensions",
              "event",
              "eventPlace",
              "isbn",
              "issn",
              "jurisdiction",
              "medium",
              "originalPublisher",
              "originalPublisherPlace",
              "originalTitle",
              "pmcid",
              "pmid",
              "publisher",
              "publisherPlace",
              "reviewedTitle",
              "section",
              "version",
              "yearSuffix",
              "chapterNumber",
              "collectionNumber",
              "edition",
              "issue",
              "number",
              "numberOfPages",
              "numberOfVolumes",
              "volume",
            ],
            "slug": "slug-1",
            "subtitle": "World's Greatest Dog",
            "title": "Rowan Test",
            "titleFormatted": "Rowan Test",
            "titlePlaintext": "Rowan Test",
          },
          "id": "1",
          "relationships": Object {
            "actionCallouts": Array [],
            "makers": Array [
              Object {
                "attributes": Object {
                  "firstName": "John",
                  "fullName": "John Milton",
                  "lastName": "Milton",
                },
                "type": "maker",
              },
            ],
            "resources": Array [],
          },
          "type": "projects",
        }
      }
    />
    <withRouter(Router.Switch('DrawerSwitch))
      closeUrl="/backend/projects/1/permissions"
      parentRoute={
        Object {
          "options": Object {},
          "routes": Array [],
        }
      }
    />
  </section>
</Connect(withRouter(AuthorizeComponent))>
`;
