// Jest Snapshot v1, https://goo.gl/fbAQLP

exports[`backend/containers/project/Wrapper matches the snapshot when rendered 1`] = `"<div class=\\"css-1k4if3i-Content ecdc3151\\"><div class=\\"css-1jayvsg-Row e12ljl8g17\\"><figure class=\\"css-kahbcu-Figure e12ljl8g16\\"><svg xmlns=\\"http://www.w3.org/2000/svg\\" viewBox=\\"0 0 48 48\\" width=\\"100%\\" height=\\"100%\\" class=\\"project-thumb-placeholder css-9v4qk6-ProjectIcon e12ljl8g6 project-thumb-placeholder--all project-thumb-placeholder--outlined\\" aria-hidden=\\"false\\"><g fill=\\"none\\" fill-rule=\\"evenodd\\"><polygon class=\\"project-thumb-placeholder__tile\\" fill=\\"#CBF7E6\\" points=\\"0 42 42 42 42 0 0 0\\"></polygon><g class=\\"project-thumb-placeholder__illustration\\" transform=\\"translate(9 8)\\"><g transform=\\"translate(20.683 2.244)\\"><polygon points=\\".161 2.954 .161 21.013 1.612 23.598 3.06 21.013 3.06 2.954\\"></polygon><path d=\\"M3.06081501,21.012797 L0.161633021,21.012797\\"></path><path stroke-linejoin=\\"round\\" d=\\"M0.162011257,2.95560225 L3.06119325,2.95560225 L3.06119325,1.53299812 C3.06119325,0.980713374 2.613478,0.532998124 2.06119325,0.532998124 L1.16201126,0.532998124 C0.609726507,0.532998124 0.162011257,0.980713374 0.162011257,1.53299812 L0.162011257,2.95560225 Z\\"></path></g><g transform=\\"translate(.195 11.463)\\"><polygon points=\\"14.898 .419 .985 .419 .985 11.282 8.141 11.282 8.141 14.378 10.844 11.282 14.898 11.282\\"></polygon><path d=\\"M12.5237854 3.46905816L3.32696735 3.46905816M12.5237854 8.00165403L3.32696735 8.00165403M12.5237854 5.73507242L3.32696735 5.73507242\\"></path></g><g transform=\\"translate(.195 .195)\\"><path d=\\"M11.8853223 5.12585966C11.8853223 6.3608015 10.8848871 7.36123677 9.64994522 7.36123677 8.41689456 7.36123677 7.41645929 6.3608015 7.41645929 5.12585966 7.41645929 3.89091782 8.41689456 2.89048255 9.64994522 2.89048255 10.8848871 2.89048255 11.8853223 3.89091782 11.8853223 5.12585966zM11.8853223 5.23573734L15.0417051 2.0793546C15.6109508 1.51010882 16.5849096 1.91293058 16.5849096 2.71857411M3.99814784 3.09718874L6.63067317.464663415C7.20181013-.106473546 8.17576886.2982394 8.17576886 1.10388293\\"></path><path d=\\"M5.22155347 5.12585966C5.22155347 6.3608015 4.2211182 7.36123677 2.98617636 7.36123677 1.7531257 7.36123677.752690432 6.3608015.752690432 5.12585966.752690432 3.89091782 1.7531257 2.89048255 2.98617636 2.89048255 4.2211182 2.89048255 5.22155347 3.89091782 5.22155347 5.12585966zM5.22155347 5.34334559L5.71136961 5.13720675C6.09906191 4.97267392 6.53781614 4.97267392 6.92739962 5.13720675L7.41532458 5.34334559\\"></path></g></g></g></svg></figure><div class=\\"css-afmy3i-TitleWrapper e12ljl8g4\\"><h1 class=\\"css-ytpeqb-Title e12ljl8g3\\">Rowan Test</h1><span class=\\"css-xbanu3-Subtitle e12ljl8g2\\">World's Greatest Dog</span></div></div><div class=\\"css-hdwovy-Row-DropdownRow e1yvm5522\\"><div class=\\"css-14hqmci-Positioner e2613d75\\"><button tabindex=\\"0\\" type=\\"button\\" aria-expanded=\\"false\\" aria-controls=\\"abcdef\\" class=\\"css-smivd9-Button e2613d77\\"><span>actions.actions</span><svg xmlns=\\"http://www.w3.org/2000/svg\\" class=\\"manicon-svg css-klehzp-DropdownIcon e2613d76 svg-icon--disclosureDown24\\" width=\\"22\\" height=\\"22\\" viewBox=\\"0 0 24 24\\" fill=\\"currentColor\\" aria-hidden=\\"true\\"><polygon points=\\"20.374 9 21 9.78 12 17 3 9.78 3.626 9 12 15.718\\"></polygon></svg></button><div id=\\"abcdef\\" class=\\"css-1cn06ep-Wrapper e2613d74\\"><ul class=\\"css-5ovq0u-List e2613d73\\"><li><a class=\\"css-1tupqjh-Link e2613d71\\" href=\\"/projects/slug-AAAAAAAA-BBBB-CCCC-DDDD-EEEEEEEEEEEE\\"><svg xmlns=\\"http://www.w3.org/2000/svg\\" class=\\"manicon-svg css-1juodu2-LinkIcon e2613d70 svg-icon--eyeOpen32\\" width=\\"20\\" height=\\"20\\" viewBox=\\"0 0 32 32\\" fill=\\"currentColor\\" aria-hidden=\\"true\\"><path fill-rule=\\"evenodd\\" d=\\"M16.0027,12.509 C14.3487,12.509 13.0027,13.855 13.0027,15.509 C13.0027,17.163 14.3487,18.509 16.0027,18.509 C17.6567,18.509 19.0027,17.163 19.0027,15.509 C19.0027,13.855 17.6567,12.509 16.0027,12.509 M16.0027,19.509 C13.7967,19.509 12.0027,17.715 12.0027,15.509 C12.0027,13.303 13.7967,11.509 16.0027,11.509 C18.2087,11.509 20.0027,13.303 20.0027,15.509 C20.0027,17.715 18.2087,19.509 16.0027,19.509 M5.242,15.508 C6.262,16.807 10.683,22.015 16.003,22.015 C21.322,22.015 25.743,16.808 26.763,15.508 C25.743,14.208 21.322,9 16.003,9 C10.675,9 6.261,14.208 5.242,15.508 M16.003,23.015 C9.437,23.015 4.418,16.093 4.207,15.799 L4,15.508 L4.207,15.217 C4.418,14.923 9.437,8 16.003,8 C22.568,8 27.588,14.923 27.798,15.217 L28.006,15.508 L27.798,15.799 C27.588,16.093 22.568,23.015 16.003,23.015\\"></path></svg><span class=\\"css-1avywkn-LinkText e2613d72\\">actions.view</span></a></li></ul></div></div></div><div class=\\"css-18isdm2-UtilityRow e1yvm5521\\"><div class=\\"utility-button-group utility-button-group--inline\\"><a class=\\"utility-button\\" href=\\"/projects/slug-AAAAAAAA-BBBB-CCCC-DDDD-EEEEEEEEEEEE\\"><svg xmlns=\\"http://www.w3.org/2000/svg\\" class=\\"manicon-svg utility-button__icon svg-icon--eyeOpen32\\" width=\\"26\\" height=\\"26\\" viewBox=\\"0 0 32 32\\" fill=\\"currentColor\\" aria-hidden=\\"true\\"><path fill-rule=\\"evenodd\\" d=\\"M16.0027,12.509 C14.3487,12.509 13.0027,13.855 13.0027,15.509 C13.0027,17.163 14.3487,18.509 16.0027,18.509 C17.6567,18.509 19.0027,17.163 19.0027,15.509 C19.0027,13.855 17.6567,12.509 16.0027,12.509 M16.0027,19.509 C13.7967,19.509 12.0027,17.715 12.0027,15.509 C12.0027,13.303 13.7967,11.509 16.0027,11.509 C18.2087,11.509 20.0027,13.303 20.0027,15.509 C20.0027,17.715 18.2087,19.509 16.0027,19.509 M5.242,15.508 C6.262,16.807 10.683,22.015 16.003,22.015 C21.322,22.015 25.743,16.808 26.763,15.508 C25.743,14.208 21.322,9 16.003,9 C10.675,9 6.261,14.208 5.242,15.508 M16.003,23.015 C9.437,23.015 4.418,16.093 4.207,15.799 L4,15.508 L4.207,15.217 C4.418,14.923 9.437,8 16.003,8 C22.568,8 27.588,14.923 27.798,15.217 L28.006,15.508 L27.798,15.799 C27.588,16.093 22.568,23.015 16.003,23.015\\"></path></svg><span class=\\"utility-button__text\\">actions.view</span></a></div></div><nav class=\\"ecdc3150 css-8n39ik-Nav-SecondaryNav e1vnhept5\\"><button class=\\"css-iszmcy-Disclosure e1vnhept3\\"><div class=\\"css-1wmeakp-Active e1vnhept4\\"><svg xmlns=\\"http://www.w3.org/2000/svg\\" class=\\"manicon-svg css-9dlcye-Icon e1vnhept2 svg-icon--disclosureDown16\\" width=\\"16\\" height=\\"16\\" viewBox=\\"0 0 16 16\\" fill=\\"currentColor\\" aria-hidden=\\"true\\"><polygon points=\\"8 9.702 13.356 5 13.999 5.733 8 10.999 2 5.733 2.643 5\\"></polygon></svg></div></button><ul class=\\"css-62htyi-List e1vnhept1\\"><li><a class=\\"css-slu7jg-Link e1vnhept0\\" href=\\"/backend/projects/AAAAAAAA-BBBB-CCCC-DDDD-EEEEEEEEEEEE/analytics\\">titles.analytics</a></li><li><a class=\\"css-slu7jg-Link e1vnhept0\\" href=\\"/backend/projects/AAAAAAAA-BBBB-CCCC-DDDD-EEEEEEEEEEEE/properties\\">titles.properties</a></li><li><a class=\\"css-slu7jg-Link e1vnhept0\\" href=\\"/backend/projects/AAAAAAAA-BBBB-CCCC-DDDD-EEEEEEEEEEEE/layout\\">titles.layout</a></li><li><a class=\\"css-slu7jg-Link e1vnhept0\\" href=\\"/backend/projects/AAAAAAAA-BBBB-CCCC-DDDD-EEEEEEEEEEEE/access\\">titles.access</a></li><li><a class=\\"css-slu7jg-Link e1vnhept0\\" href=\\"/backend/projects/AAAAAAAA-BBBB-CCCC-DDDD-EEEEEEEEEEEE/metadata\\">titles.metadata</a></li></ul></nav></div>"`;
