// Jest Snapshot v1, https://goo.gl/fbAQLP

exports[`Reader.ControlMenu.VisibilityMenuButton Component renders correctly 1`] = `
<button
  className="button-visibility"
  data-id="toggle-visibility"
  onClick={[Function]}
>
  <i
    aria-hidden="true"
    className="manicon manicon-eye-outline"
  />
  <span
    className="screen-reader-text"
  >
    Open the visibility menu
  </span>
</button>
`;
