// Jest Snapshot v1, https://goo.gl/fbAQLP

exports[`frontend/components/event/AllLink matches the snapshot 1`] = `
<Wrapper>
  <Link
    className="button-primary"
    to="/projects/slug-AAAAAAAA-BBBB-CCCC-DDDD-EEEEEEEEEEEE/events"
  >
    <span
      className="button-primary__text"
    >
      navigation.see_all_activity
    </span>
  </Link>
</Wrapper>
`;
