// Jest Snapshot v1, https://goo.gl/fbAQLP

exports[`Reader.Notes.Partial.Group Component renders correctly 1`] = `
<nav
  className="filters"
>
  <h4
    className="label"
  >
    Show your:
  </h4>
  <div
    className="checkbox-group"
  >
    <label
      className="checkbox"
      htmlFor="highlight-checkbox"
    >
      <input
        checked={true}
        id="highlight-checkbox"
        onChange={[Function]}
        type="checkbox"
      />
      <div
        aria-hidden="true"
        className="control-indicator"
      >
        <i
          className="manicon manicon-check"
        />
      </div>
      Highlights
    </label>
    <label
      className="checkbox"
      htmlFor="annotation-checkbox"
    >
      <input
        checked={true}
        id="annotation-checkbox"
        onChange={[Function]}
        type="checkbox"
      />
      <div
        aria-hidden="true"
        className="control-indicator"
      >
        <i
          className="manicon manicon-check"
        />
      </div>
      Annotations
    </label>
  </div>
</nav>
`;
