// Jest Snapshot v1, https://goo.gl/fbAQLP

exports[`Backend.Form.SwitchArray component renders correctly 1`] = `
<div
  className="form-input"
  style={Object {}}
>
  <div
    className="form-section horizontal"
  >
    <header
      className="form-section-label"
    >
      <span>
        Label this
      </span>
    </header>
    <div
      className="form-input-group"
    >
      <div
        className="form-input"
      >
        <label
          className="form-input-heading toggle above"
          htmlFor="switch-input-1"
        >
          Option one
        </label>
        <div
          className="toggle-indicator"
        >
          <div
            aria-pressed={false}
            className="boolean-primary"
            id="switch-input-1"
            onBlur={[Function]}
            onClick={[Function]}
            onFocus={[Function]}
            role="button"
            tabIndex="0"
          >
            <span
              className="screen-reader-text"
            >
              Option one
            </span>
          </div>
        </div>
      </div>
      <div
        className="form-input"
      >
        <label
          className="form-input-heading toggle above"
          htmlFor="switch-input-1"
        >
          Option two
        </label>
        <div
          className="toggle-indicator"
        >
          <div
            aria-pressed={false}
            className="boolean-primary"
            id="switch-input-1"
            onBlur={[Function]}
            onClick={[Function]}
            onFocus={[Function]}
            role="button"
            tabIndex="0"
          >
            <span
              className="screen-reader-text"
            >
              Option two
            </span>
          </div>
        </div>
      </div>
    </div>
  </div>
</div>
`;
