// Jest Snapshot v1, https://goo.gl/fbAQLP

exports[`Backend.Form.TagList component renders correctly 1`] = `
<div
  className="form-input"
  style={Object {}}
>
  <label
    className=""
    htmlFor="attributes[tags]-tag-list-1"
  >
    Tags
  </label>
  <div
    className="input-predictive"
  >
    <div
      className="input-predictive__input"
    >
      <input
        aria-describedby={null}
        aria-label="Enter a Tag"
        className="input-predictive__text-input text-input"
        onBlur={[Function]}
        onChange={[Function]}
        onFocus={[Function]}
        onKeyDown={[Function]}
        onKeyPress={[Function]}
        placeholder="Enter a Tag"
        type="text"
        value=""
      />
      <button
        aria-hidden="true"
        className="input-predictive__button"
        onClick={[Function]}
        type="button"
      >
        <svg
          aria-hidden={true}
          className="manicon-svg input-predictive__icon svg-icon--plus16"
          fill="currentColor"
          height={20}
          viewBox="0 0 16 16"
          width={20}
          xmlns="http://www.w3.org/2000/svg"
        >
          <path
            d="M2.01435,8.5138 L2.014482,7.5138 L14.01435,7.5149 L14.014218,8.5149 L2.01435,8.5138 Z M8.5149,14.014218 L7.5149,14.01435 L7.5138,2.014482 L8.5138,2.01435 L8.5149,14.014218 Z"
          />
        </svg>
      </button>
    </div>
    <nav
      className="input-predictive__results-wrapper"
    >
      <ul
        className="input-predictive__results"
      />
    </nav>
  </div>
  <div
    className="has-many-list"
  >
    <ul
      className="bucket empty"
    >
      <div
        className="placeholder"
      >
        None added
      </div>
    </ul>
  </div>
</div>
`;
