// Jest Snapshot v1, https://goo.gl/fbAQLP

exports[`backend/containers/resource/Wrapper matches the snapshot when rendered 1`] = `"<header class=\\"css-oqpkis-Header ecdc3152\\"><div class=\\"css-1k4if3i-Content ecdc3151\\"><div class=\\"css-1ex52a3-Row e12ljl8g17\\"><div class=\\"css-afmy3i-TitleWrapper e12ljl8g4\\"><a class=\\"css-if60nh-Title e12ljl8g3\\" href=\\"/backend/projects/AAAAAAAA-BBBB-CCCC-DDDD-EEEEEEEEEEEE\\">Rowan Test</a><span class=\\"css-xbanu3-Subtitle e12ljl8g2\\">World's Greatest Dog</span></div></div><div class=\\"css-1ex52a3-Row e12ljl8g17\\"><div class=\\"css-h1tygr-ChildLink e12ljl8g12\\"></div><svg xmlns=\\"http://www.w3.org/2000/svg\\" class=\\"manicon-svg css-1y80gnz-TextIcon e12ljl8g5 svg-icon--BEResourcesBox64\\" width=\\"36\\" height=\\"36\\" viewBox=\\"0 0 64 64\\" fill=\\"currentColor\\" aria-hidden=\\"true\\"><path d=\\"M46.3881227,48.4009376 L46.3918753,30.9062606 L31.8300827,22.6143626 L17.737908,30.9020636 L17.7350935,48.3967216 L32.2969005,56.6886279 L46.3881227,48.4009376 Z M15.7349064,49.5592784 L15.738092,29.7579364 L31.8139173,20.3036374 L48.3921247,29.7437393 L48.3878773,49.5450625 L32.3130995,58.9993722 L15.7349064,49.5592784 Z M32.8980963,13.4767032 L30.8981037,13.4712967 L30.9210037,4.99999672 L32.9209963,5.00540319 L32.8980963,13.4767032 Z M23.7377011,15.6007769 L21.9832989,16.5610231 L17.9564988,9.20392305 L19.7109011,8.24367688 L23.7377011,15.6007769 Z M16.8860026,22.0168924 L15.7903974,23.6901076 L8.97569735,19.2279076 L10.0713026,17.5546924 L16.8860026,22.0168924 Z M53.8650681,16.7125216 L55.024332,18.3422784 L48.387432,23.0631784 L47.2281681,21.4334216 L53.8650681,16.7125216 Z M43.8739203,7.77909374 L45.6640797,8.67090619 L41.9245797,16.1773062 L40.1344203,15.2854938 L43.8739203,7.77909374 Z M31.3083,39.1962962 L33.3083,39.1967038 L33.3045,57.8447038 L31.3045,57.8442963 L31.3083,39.1962962 Z M16.2434424,31.1987741 L17.2331576,29.4608259 L32.8031576,38.3275259 L31.8134424,40.0654741 L16.2434424,31.1987741 Z M46.8323598,29.4637188 L47.8462402,31.1876812 L32.7623402,40.0586812 L31.7484598,38.3347188 L46.8323598,29.4637188 Z\\"></path></svg><div class=\\"css-afmy3i-TitleWrapper e12ljl8g4\\"><h1 class=\\"css-ytpeqb-Title e12ljl8g3\\">Image</h1></div></div><div class=\\"css-hdwovy-Row-DropdownRow e1yvm5522\\"><div class=\\"css-14hqmci-Positioner e2613d75\\"><button tabindex=\\"0\\" type=\\"button\\" aria-expanded=\\"false\\" aria-controls=\\"abcdef\\" class=\\"css-smivd9-Button e2613d77\\"><span>actions.actions</span><svg xmlns=\\"http://www.w3.org/2000/svg\\" class=\\"manicon-svg css-klehzp-DropdownIcon e2613d76 svg-icon--disclosureDown24\\" width=\\"22\\" height=\\"22\\" viewBox=\\"0 0 24 24\\" fill=\\"currentColor\\" aria-hidden=\\"true\\"><polygon points=\\"20.374 9 21 9.78 12 17 3 9.78 3.626 9 12 15.718\\"></polygon></svg></button><div id=\\"abcdef\\" class=\\"css-1cn06ep-Wrapper e2613d74\\"><ul class=\\"css-5ovq0u-List e2613d73\\"><li><a class=\\"css-1tupqjh-Link e2613d71\\" href=\\"/projects/slug-AAAAAAAA-BBBB-CCCC-DDDD-EEEEEEEEEEEE/resource/slug-AAAAAAAA-BBBB-CCCC-DDDD-EEEEEEEEEEEE\\"><svg xmlns=\\"http://www.w3.org/2000/svg\\" class=\\"manicon-svg css-1juodu2-LinkIcon e2613d70 svg-icon--eyeOpen32\\" width=\\"20\\" height=\\"20\\" viewBox=\\"0 0 32 32\\" fill=\\"currentColor\\" aria-hidden=\\"true\\"><path fill-rule=\\"evenodd\\" d=\\"M16.0027,12.509 C14.3487,12.509 13.0027,13.855 13.0027,15.509 C13.0027,17.163 14.3487,18.509 16.0027,18.509 C17.6567,18.509 19.0027,17.163 19.0027,15.509 C19.0027,13.855 17.6567,12.509 16.0027,12.509 M16.0027,19.509 C13.7967,19.509 12.0027,17.715 12.0027,15.509 C12.0027,13.303 13.7967,11.509 16.0027,11.509 C18.2087,11.509 20.0027,13.303 20.0027,15.509 C20.0027,17.715 18.2087,19.509 16.0027,19.509 M5.242,15.508 C6.262,16.807 10.683,22.015 16.003,22.015 C21.322,22.015 25.743,16.808 26.763,15.508 C25.743,14.208 21.322,9 16.003,9 C10.675,9 6.261,14.208 5.242,15.508 M16.003,23.015 C9.437,23.015 4.418,16.093 4.207,15.799 L4,15.508 L4.207,15.217 C4.418,14.923 9.437,8 16.003,8 C22.568,8 27.588,14.923 27.798,15.217 L28.006,15.508 L27.798,15.799 C27.588,16.093 22.568,23.015 16.003,23.015\\"></path></svg><span class=\\"css-1avywkn-LinkText e2613d72\\">actions.view</span></a></li></ul></div></div></div><div class=\\"css-18isdm2-UtilityRow e1yvm5521\\"><div class=\\"utility-button-group utility-button-group--inline\\"><a class=\\"utility-button\\" href=\\"/projects/slug-AAAAAAAA-BBBB-CCCC-DDDD-EEEEEEEEEEEE/resource/slug-AAAAAAAA-BBBB-CCCC-DDDD-EEEEEEEEEEEE\\"><svg xmlns=\\"http://www.w3.org/2000/svg\\" class=\\"manicon-svg utility-button__icon svg-icon--eyeOpen32\\" width=\\"26\\" height=\\"26\\" viewBox=\\"0 0 32 32\\" fill=\\"currentColor\\" aria-hidden=\\"true\\"><path fill-rule=\\"evenodd\\" d=\\"M16.0027,12.509 C14.3487,12.509 13.0027,13.855 13.0027,15.509 C13.0027,17.163 14.3487,18.509 16.0027,18.509 C17.6567,18.509 19.0027,17.163 19.0027,15.509 C19.0027,13.855 17.6567,12.509 16.0027,12.509 M16.0027,19.509 C13.7967,19.509 12.0027,17.715 12.0027,15.509 C12.0027,13.303 13.7967,11.509 16.0027,11.509 C18.2087,11.509 20.0027,13.303 20.0027,15.509 C20.0027,17.715 18.2087,19.509 16.0027,19.509 M5.242,15.508 C6.262,16.807 10.683,22.015 16.003,22.015 C21.322,22.015 25.743,16.808 26.763,15.508 C25.743,14.208 21.322,9 16.003,9 C10.675,9 6.261,14.208 5.242,15.508 M16.003,23.015 C9.437,23.015 4.418,16.093 4.207,15.799 L4,15.508 L4.207,15.217 C4.418,14.923 9.437,8 16.003,8 C22.568,8 27.588,14.923 27.798,15.217 L28.006,15.508 L27.798,15.799 C27.588,16.093 22.568,23.015 16.003,23.015\\"></path></svg><span class=\\"utility-button__text\\">actions.view</span></a></div></div><nav class=\\"ecdc3150 css-8n39ik-Nav-SecondaryNav e1vnhept5\\"><button class=\\"css-iszmcy-Disclosure e1vnhept3\\"><div class=\\"css-1wmeakp-Active e1vnhept4\\"><svg xmlns=\\"http://www.w3.org/2000/svg\\" class=\\"manicon-svg css-9dlcye-Icon e1vnhept2 svg-icon--disclosureDown16\\" width=\\"16\\" height=\\"16\\" viewBox=\\"0 0 16 16\\" fill=\\"currentColor\\" aria-hidden=\\"true\\"><polygon points=\\"8 9.702 13.356 5 13.999 5.733 8 10.999 2 5.733 2.643 5\\"></polygon></svg></div></button><ul class=\\"css-62htyi-List e1vnhept1\\"><li><a class=\\"css-slu7jg-Link e1vnhept0\\" href=\\"/backend/projects/resource/AAAAAAAA-BBBB-CCCC-DDDD-EEEEEEEEEEEE/properties\\">titles.properties</a></li><li><a class=\\"css-slu7jg-Link e1vnhept0\\" href=\\"/backend/projects/resource/AAAAAAAA-BBBB-CCCC-DDDD-EEEEEEEEEEEE/variants\\">titles.variants</a></li><li><a class=\\"css-slu7jg-Link e1vnhept0\\" href=\\"/backend/projects/resource/AAAAAAAA-BBBB-CCCC-DDDD-EEEEEEEEEEEE/metadata\\">titles.metadata</a></li></ul></nav></div></header><div class=\\"backend-panel\\"><div class=\\"container\\"><aside class=\\"aside\\"><nav class=\\"secondary-nav panel-nav\\" aria-label=\\"resources.settings\\"><ul><li><a href=\\"/backend/projects/resource/AAAAAAAA-BBBB-CCCC-DDDD-EEEEEEEEEEEE/properties\\">titles.properties</a></li><li><a href=\\"/backend/projects/resource/AAAAAAAA-BBBB-CCCC-DDDD-EEEEEEEEEEEE/variants\\">titles.variants</a></li><li><a href=\\"/backend/projects/resource/AAAAAAAA-BBBB-CCCC-DDDD-EEEEEEEEEEEE/metadata\\">titles.metadata</a></li></ul></nav></aside><div class=\\"panel\\"><div></div></div></div></div>"`;
