// Jest Snapshot v1, https://goo.gl/fbAQLP

exports[`NextSection component renders correctly 1`] = `
<section
  className="section-next-section"
>
  <div
    className="container-focus container-width-undefined"
  >
    <a
      href="/read/2345-5678-1111/section/2345-5678-1111"
      onClick={[Function]}
    >
      <header>
        Next Chapter
      </header>
      <h3>
        <div>
          Second Section
        </div>
      </h3>
    </a>
  </div>
</section>
`;
