// Jest Snapshot v1, https://goo.gl/fbAQLP

exports[`frontend/containers/ProjectResources/ProjectResources matches the snapshot 1`] = `
<ContextConsumer>
  <Component />
</ContextConsumer>
`;
