// Jest Snapshot v1, https://goo.gl/fbAQLP

exports[`Backend Project Social Twitter Queries Container renders correctly 1`] = `
<div
  className="entity-list"
  id="entities-list1"
>
  <header
    className="entity-list__title-block entity-list__title backend-header"
  >
    <h2
      className="backend-header__h2-title"
    >
      Twitter Queries
    </h2>
  </header>
  <div
    className="entity-list__contents-wrapper entity-list__contents-wrapper--with-section-title"
  >
    <div
      className="instructional-copy"
    >
      
            Manifold will periodically fetch tweets according to the queries specified
            below.
          
    </div>
    <div
      className="entity-list__header"
    >
      <div
        className="entity-list__button-set"
      >
        <a
          className="entity-list__button"
          href="/backend/projects/1/social/twitter-query/new"
          onClick={[Function]}
        >
          <svg
            aria-hidden={true}
            className="manicon-svg svg-icon--circlePlus32"
            fill="currentColor"
            height={null}
            viewBox="0 0 32 32"
            width={null}
            xmlns="http://www.w3.org/2000/svg"
          >
            <path
              d="M9.99999998,16.5 L9.99999998,15.5 L22,15.5 L22,16.5 L9.99999998,16.5 Z M16.5,22 L15.5,22 L15.5,9.99999998 L16.5,9.99999998 L16.5,22 Z M16,27 C9.92486773,27 4.99999997,22.0751323 4.99999997,16 C4.99999997,9.92486773 9.92486773,4.99999997 16,4.99999997 C22.0751323,4.99999997 27,9.92486773 27,16 C27,22.0751323 22.0751323,27 16,27 Z M16,26 C21.5228475,26 26,21.5228475 26,16 C26,10.4771525 21.5228475,5.99999997 16,5.99999997 C10.4771525,5.99999997 5.99999997,10.4771525 5.99999997,16 C5.99999997,21.5228475 10.4771525,26 16,26 Z"
            />
          </svg>
          Add a new twitter query
        </a>
      </div>
    </div>
    <ul
      className="entity-list__list entity-list__list--rows"
    >
      <li
        className="entity-row entity-list__entity"
      >
        <a
          aria-describedby="undefined1-describedby"
          className="entity-row__row-link entity-row__row-link--block entity-row__row-link--atag entity-row__row-link--is-active"
          href="/backend/projects/1/social/twitter-query/2"
          onClick={[Function]}
        >
          <div
            className="entity-row__inner entity-row__inner--in-rows entity-row__inner--with-row-link"
          >
            <div
              className="entity-row__text entity-row__text--in-rows"
            >
              <h4
                className="entity-row__title entity-row__title--in-rows"
              >
                <span
                  className="entity-row__title-inner"
                >
                  from:manifoldscholar
                </span>
                <span
                  className="entity-row__labels"
                >
                  <span
                    className="entity-row__label"
                  >
                    Active
                  </span>
                </span>
                <span
                  className="aria-describedby"
                  id="undefined1-describedby"
                >
                  View from:manifoldscholar
                </span>
              </h4>
              <h6
                className="entity-row__meta entity-row__meta--in-rows"
              >
                No tweets have been fetched yet.
              </h6>
            </div>
          </div>
        </a>
      </li>
    </ul>
  </div>
</div>
`;
