// Jest Snapshot v1, https://goo.gl/fbAQLP

exports[`global/containers/Notifications/Notifications matches the snapshot when rendered 1`] = `"<section class=\\"notifications-container\\" role=\\"alert\\"><div class=\\"notifications-list--context-header notifications-list\\"><div><div class=\\"notifications-list__inner\\"><div class=\\"notification notification--error notification--context-header\\"><div class=\\"notification__container\\"><div role=\\"status\\"><p class=\\"notification__heading\\">A Heading</p></div><p class=\\"notification__body\\">The body.</p><button class=\\"notification__button\\" data-id=\\"close\\"><svg xmlns=\\"http://www.w3.org/2000/svg\\" class=\\"manicon-svg notification__button-icon svg-icon--close32\\" width=\\"36\\" height=\\"36\\" viewBox=\\"0 0 32 32\\" fill=\\"currentColor\\" aria-hidden=\\"true\\"><path d=\\"M7.00007316,7.70847994 L7.70712678,7.00132 L24.9999268,24.2915201 L24.2928732,24.99868 L7.00007316,7.70847994 Z M7.70712678,24.99868 L7.00007316,24.2915201 L24.2928732,7.00132 L24.9999268,7.70847994 L7.70712678,24.99868 Z\\"></path></svg><span class=\\"screen-reader-text\\">actions.dismiss</span></button></div></div></div></div></div></section>"`;
