// Jest Snapshot v1, https://goo.gl/fbAQLP

exports[`frontend/components/resource/Card matches the snapshot 1`] = `
<ContextConsumer>
  <Component />
</ContextConsumer>
`;
