// Jest Snapshot v1, https://goo.gl/fbAQLP

exports[`frontend/components/resource/Title matches the snapshot 1`] = `
<div
  className="resource-title"
>
  <figure
    className="resource-icon image"
  >
    <IconComputed.Resource
      icon="image"
      size={60}
    />
  </figure>
  <div>
    <h1
      dangerouslySetInnerHTML={
        Object {
          "__html": "Image",
        }
      }
    />
    <span
      className="resource-date"
    >
      Resource added 
      <FormattedDate
        date="2017-04-24T23:25:50.161Z"
        format="MMMM, yyyy"
      />
    </span>
  </div>
</div>
`;
