// Jest Snapshot v1, https://goo.gl/fbAQLP

exports[`Backend.List.Searchable component renders correctly 1`] = `
<div>
  <form
    className="form-search-filter"
    onSubmit={[Function]}
  >
    <div
      className="search"
    >
      <button>
        <i
          className="manicon manicon-magnify"
        />
        <span
          className="screen-reader-text"
        >
          Click to search
        </span>
      </button>
      <input
        onChange={[Function]}
        placeholder="Search..."
        type="text"
        value=""
      />
    </div>
    <div
      className="form-list-filter"
    >
      <div
        className="select-group"
      />
    </div>
    <button
      className="button-bare-primary"
      data-id="filter-toggle"
      onClick={[Function]}
    >
      Show Search Options
    </button>
    <button
      className="button-bare-primary reset"
      onClick={[Function]}
    >
      Reset Search
    </button>
  </form>
  <nav
    className="vertical-list-primary"
  >
    <div>
      <p
        className="list-total"
      >
        Showing 
        <span>
          1-1
        </span>
         of 
        <span>
          2
        </span>
         resources: 
      </p>
      <div
        className="buttons-icon-horizontal"
      />
      <section>
        <ul>
          <li>
            <a
              href="/backend/resource/1"
              onClick={[Function]}
            >
              <header>
                <figure
                  className="cover"
                >
                  <div
                    className="icon-thumbnail-primary icon-only"
                    style={
                      Object {
                        "backgroundImage": null,
                      }
                    }
                  >
                    <div
                      className="wrapper"
                    >
                      <figure
                        className="icon-thumbnail-type"
                      >
                        <i
                          className="icon-thumbnail-icon image"
                        >
                          <svg
                            height="72px"
                            version="1.1"
                            viewBox="0 0 72 72"
                            width="72px"
                          >
                            <path
                              d="M69.82031,9.86816H2.17969c-0.55225,0-1,0.44775-1,1v50.26367c0,0.55273,0.44775,1,1,1h67.64062c0.55273,0,1-0.44727,1-1 V10.86816C70.82031,10.31592,70.37305,9.86816,69.82031,9.86816z M68.82031,11.86816v42.29572l-7.68848-10.3631 c-0.9248-1.24707-2.40918-2.03027-4.07227-2.15137c-1.7002-0.12012-3.33691,0.46094-4.47656,1.60449l-6.87012,6.89551 L29.42676,30.76709c-1.00781-1.19873-2.54541-1.90332-4.21924-1.93262c-1.71143-0.05127-3.2583,0.62695-4.31787,1.80127 L3.17969,50.271V11.86816H68.82031z M3.17969,60.13184v-6.87415L22.375,31.97559c0.67188-0.74561,1.7002-1.1582,2.79736-1.1416 c1.09521,0.01953,2.08789,0.46387,2.72314,1.22021l16.98926,20.21826c0.18066,0.21484,0.44336,0.34375,0.72363,0.35547 c0.27637,0.01953,0.55273-0.09473,0.75-0.29297l7.64062-7.66895c0.72949-0.73145,1.78711-1.10449,2.91602-1.02148 c1.08203,0.07812,2.0332,0.56934,2.61133,1.34766l9.29395,12.5271v2.61255H3.17969z"
                            />
                            <path
                              d="M52.21191,34.1792c4.0166,0,7.28418-3.26758,7.28418-7.28418s-3.26758-7.28418-7.28418-7.28418 s-7.28418,3.26758-7.28418,7.28418S48.19531,34.1792,52.21191,34.1792z M52.21191,21.61084 c2.91406,0,5.28418,2.37061,5.28418,5.28418s-2.37012,5.28418-5.28418,5.28418s-5.28418-2.37061-5.28418-5.28418 S49.29785,21.61084,52.21191,21.61084z"
                            />
                          </svg>
                        </i>
                      </figure>
                    </div>
                  </div>
                </figure>
                <div
                  className="meta"
                >
                  <h3
                    className="name"
                  >
                    <span
                      dangerouslySetInnerHTML={
                        Object {
                          "__html": "Image",
                        }
                      }
                    />
                    <span
                      className="subtitle"
                    >
                      <span>
                        April 24, 2017
                      </span>
                    </span>
                  </h3>
                </div>
              </header>
            </a>
          </li>
          <li>
            <a
              href="/backend/resource/2"
              onClick={[Function]}
            >
              <header>
                <figure
                  className="cover"
                >
                  <div
                    className="icon-thumbnail-primary icon-only"
                    style={
                      Object {
                        "backgroundImage": null,
                      }
                    }
                  >
                    <div
                      className="wrapper"
                    >
                      <figure
                        className="icon-thumbnail-type"
                      >
                        <i
                          className="icon-thumbnail-icon image"
                        >
                          <svg
                            height="72px"
                            version="1.1"
                            viewBox="0 0 72 72"
                            width="72px"
                          >
                            <path
                              d="M69.82031,9.86816H2.17969c-0.55225,0-1,0.44775-1,1v50.26367c0,0.55273,0.44775,1,1,1h67.64062c0.55273,0,1-0.44727,1-1 V10.86816C70.82031,10.31592,70.37305,9.86816,69.82031,9.86816z M68.82031,11.86816v42.29572l-7.68848-10.3631 c-0.9248-1.24707-2.40918-2.03027-4.07227-2.15137c-1.7002-0.12012-3.33691,0.46094-4.47656,1.60449l-6.87012,6.89551 L29.42676,30.76709c-1.00781-1.19873-2.54541-1.90332-4.21924-1.93262c-1.71143-0.05127-3.2583,0.62695-4.31787,1.80127 L3.17969,50.271V11.86816H68.82031z M3.17969,60.13184v-6.87415L22.375,31.97559c0.67188-0.74561,1.7002-1.1582,2.79736-1.1416 c1.09521,0.01953,2.08789,0.46387,2.72314,1.22021l16.98926,20.21826c0.18066,0.21484,0.44336,0.34375,0.72363,0.35547 c0.27637,0.01953,0.55273-0.09473,0.75-0.29297l7.64062-7.66895c0.72949-0.73145,1.78711-1.10449,2.91602-1.02148 c1.08203,0.07812,2.0332,0.56934,2.61133,1.34766l9.29395,12.5271v2.61255H3.17969z"
                            />
                            <path
                              d="M52.21191,34.1792c4.0166,0,7.28418-3.26758,7.28418-7.28418s-3.26758-7.28418-7.28418-7.28418 s-7.28418,3.26758-7.28418,7.28418S48.19531,34.1792,52.21191,34.1792z M52.21191,21.61084 c2.91406,0,5.28418,2.37061,5.28418,5.28418s-2.37012,5.28418-5.28418,5.28418s-5.28418-2.37061-5.28418-5.28418 S49.29785,21.61084,52.21191,21.61084z"
                            />
                          </svg>
                        </i>
                      </figure>
                    </div>
                  </div>
                </figure>
                <div
                  className="meta"
                >
                  <h3
                    className="name"
                  >
                    <span
                      dangerouslySetInnerHTML={
                        Object {
                          "__html": "Image",
                        }
                      }
                    />
                    <span
                      className="subtitle"
                    >
                      <span>
                        April 24, 2017
                      </span>
                    </span>
                  </h3>
                </div>
              </header>
            </a>
          </li>
        </ul>
      </section>
    </div>
  </nav>
  <nav
    className="list-pagination-primary"
  >
    <ul>
      <li
        className="pagination-previous disabled"
      >
        <a
          data-id="page-prev"
          href="#pagination-target"
          onClick={[MockFunction]}
        >
          <i
            className="manicon manicon-arrow-long-left"
          />
          <span>
            Prev
          </span>
        </a>
      </li>
      <li
        className="active ordinal"
      >
        <a
          href="#pagination-target"
          onClick={[MockFunction]}
        >
          1
        </a>
      </li>
      <li
        className="ordinal"
      >
        <a
          href="#pagination-target"
          onClick={[MockFunction]}
        >
          2
        </a>
      </li>
      <li
        className="ordinal"
      >
        <a
          href="#pagination-target"
          onClick={[MockFunction]}
        >
          3
        </a>
      </li>
      <li
        className="ordinal"
      >
        <a
          href="#pagination-target"
          onClick={[MockFunction]}
        >
          4
        </a>
      </li>
      <li
        className="pagination-next "
      >
        <a
          data-id="page-next"
          href="#pagination-target"
          onClick={[MockFunction]}
        >
          <span>
            Next
          </span>
          <i
            className="manicon manicon-arrow-long-right"
          />
        </a>
      </li>
    </ul>
  </nav>
</div>
`;

exports[`Backend.List.Searchable component renders correctly when passed a component builder function 1`] = `
<div>
  <form
    className="form-search-filter"
    onSubmit={[Function]}
  >
    <div
      className="search"
    >
      <button>
        <i
          className="manicon manicon-magnify"
        />
        <span
          className="screen-reader-text"
        >
          Click to search
        </span>
      </button>
      <input
        onChange={[Function]}
        placeholder="Search..."
        type="text"
        value=""
      />
    </div>
    <div
      className="form-list-filter"
    >
      <div
        className="select-group"
      />
    </div>
    <button
      className="button-bare-primary"
      data-id="filter-toggle"
      onClick={[Function]}
    >
      Show Search Options
    </button>
    <button
      className="button-bare-primary reset"
      onClick={[Function]}
    >
      Reset Search
    </button>
  </form>
  <nav
    className="vertical-list-primary"
  >
    <div>
      <p
        className="list-total"
      >
        Showing 
        <span>
          1-1
        </span>
         of 
        <span>
          2
        </span>
         resources: 
      </p>
      <div
        className="buttons-icon-horizontal"
      />
      <section>
        <ul>
          <div>
            Can we build 
            Image
            ?
            <p>
              Yes, we can.
            </p>
          </div>
          <div>
            Can we build 
            Image
            ?
            <p>
              Yes, we can.
            </p>
          </div>
        </ul>
      </section>
    </div>
  </nav>
  <nav
    className="list-pagination-primary"
  >
    <ul>
      <li
        className="pagination-previous disabled"
      >
        <a
          data-id="page-prev"
          href="#pagination-target"
          onClick={[MockFunction]}
        >
          <i
            className="manicon manicon-arrow-long-left"
          />
          <span>
            Prev
          </span>
        </a>
      </li>
      <li
        className="active ordinal"
      >
        <a
          href="#pagination-target"
          onClick={[MockFunction]}
        >
          1
        </a>
      </li>
      <li
        className="ordinal"
      >
        <a
          href="#pagination-target"
          onClick={[MockFunction]}
        >
          2
        </a>
      </li>
      <li
        className="ordinal"
      >
        <a
          href="#pagination-target"
          onClick={[MockFunction]}
        >
          3
        </a>
      </li>
      <li
        className="ordinal"
      >
        <a
          href="#pagination-target"
          onClick={[MockFunction]}
        >
          4
        </a>
      </li>
      <li
        className="pagination-next "
      >
        <a
          data-id="page-next"
          href="#pagination-target"
          onClick={[MockFunction]}
        >
          <span>
            Next
          </span>
          <i
            className="manicon manicon-arrow-long-right"
          />
        </a>
      </li>
    </ul>
  </nav>
</div>
`;
