// Jest Snapshot v1, https://goo.gl/fbAQLP

exports[`Frontend.Static.Form component renders correctly 1`] = `
<div>
  <section>
    <div
      className="container"
    >
      <h4
        className="section-heading"
      >
        Assorted form elements
      </h4>
      <div
        className="row-3-p"
      >
        <div
          className="col-33"
        >
          <div
            className="form-input form-error"
          >
            <label
              htmlFor="text-1"
            >
              Text Entry Field
            </label>
            <input
              id="text-1"
              placeholder="Text Entry Field"
              type="text"
            />
            <i
              aria-hidden="true"
              className="manicon manicon-stop"
            />
            <span
              className="form-error-message"
            >
              something happened
            </span>
          </div>
        </div>
        <div
          className="col-33"
        >
          <div
            className="form-input"
          >
            <label
              htmlFor="text-2"
            >
              Text Entry Field
            </label>
            <input
              id="text-2"
              placeholder="Text Entry Field"
              type="text"
            />
          </div>
        </div>
        <div
          className="col-33"
        >
          <div
            className="form-input"
          >
            <label
              htmlFor="select-1"
            >
              Â 
            </label>
            <div
              className="form-select"
            >
              <i
                aria-hidden="true"
                className="manicon manicon-caret-down"
              />
              <select
                id="select-1"
              >
                <option>
                  Select Dropdown
                </option>
                <option>
                  Select an option
                </option>
                <option>
                  If you please
                </option>
              </select>
            </div>
          </div>
        </div>
      </div>
      <div
        className="row-3-p"
      >
        <div
          className="col-66"
        >
          <div
            className="form-input"
          >
            <label
              htmlFor="textarea-1"
            >
              Editable text field
            </label>
            <textarea
              id="textarea-1"
              placeholder="Start typing annotation here..."
            />
          </div>
        </div>
        <div
          className="col-33"
        >
          <div
            className="form-callout"
          >
            <header>
              <i
                aria-hidden="true"
                className="manicon manicon-bugle"
              />
              Notifications
            </header>
            <div
              className="form-input"
            >
              <label
                className="form-toggle radio annotated"
              >
                <input
                  name="notifications"
                  type="radio"
                />
                <span
                  className="toggle-indicator"
                />
                <span
                  className="toggle-label"
                >
                  Please Opt Me In
                </span>
                <span
                  className="toggle-note"
                >
                  I have always been very upset when I am left out of the group. This goes double for newsletters, promotional offers, and targeted advertising.
                </span>
              </label>
              <label
                className="form-toggle radio annotated"
              >
                <input
                  name="notifications"
                  type="radio"
                />
                <span
                  className="toggle-indicator"
                />
                <span
                  className="toggle-label"
                >
                  None of your bee's wax
                </span>
                <span
                  className="toggle-note"
                >
                  I have several suggestions for where I would most like to see your newsletter delivered, none of which include my email address.
                </span>
              </label>
            </div>
          </div>
          <div
            className="form-input"
          >
            <h4
              className="form-input-heading"
            >
              Checkboxes Vertical
            </h4>
            <label
              className="form-toggle checkbox"
            >
              <input
                type="checkbox"
              />
              <span
                aria-hidden="true"
                className="toggle-indicator"
              >
                <i
                  className="manicon manicon-check"
                />
              </span>
              <span
                className="toggle-label"
              >
                Checkbox item
              </span>
            </label>
            <label
              className="form-toggle checkbox"
            >
              <input
                type="checkbox"
              />
              <span
                aria-hidden="true"
                className="toggle-indicator"
              >
                <i
                  className="manicon manicon-check"
                />
              </span>
              <span
                className="toggle-label"
              >
                Checkbox item
              </span>
            </label>
            <label
              className="form-toggle checkbox"
            >
              <input
                type="checkbox"
              />
              <span
                aria-hidden="true"
                className="toggle-indicator"
              >
                <i
                  className="manicon manicon-check"
                />
              </span>
              <span
                className="toggle-label"
              >
                Checkbox item
              </span>
            </label>
          </div>
          <div
            className="form-input"
          >
            <h4
              className="form-input-heading"
            >
              Radios Vertical
            </h4>
            <label
              className="form-toggle radio"
            >
              <input
                name="test"
                type="radio"
              />
              <span
                aria-hidden="true"
                className="toggle-indicator"
              />
              <span
                className="toggle-label"
              >
                Radio item
              </span>
            </label>
            <label
              className="form-toggle radio"
            >
              <input
                name="test"
                type="radio"
              />
              <span
                aria-hidden="true"
                className="toggle-indicator"
              />
              <span
                className="toggle-label"
              >
                Radio item
              </span>
            </label>
            <label
              className="form-toggle radio"
            >
              <input
                name="test"
                type="radio"
              />
              <span
                aria-hidden="true"
                className="toggle-indicator"
              />
              <span
                className="toggle-label"
              >
                Radio item
              </span>
            </label>
          </div>
        </div>
      </div>
      <div
        className="row-3-p"
      >
        <div
          className="col-66"
        >
          <div
            className="form-input"
          >
            <h4
              className="form-input-heading"
            >
              Checkboxes Horizontal
            </h4>
            <label
              className="form-toggle checkbox horizontal"
            >
              <input
                type="checkbox"
              />
              <span
                aria-hidden="true"
                className="toggle-indicator"
              >
                <i
                  className="manicon manicon-check"
                />
              </span>
              <span
                className="toggle-label"
              >
                Checkbox item
              </span>
            </label>
            <label
              className="form-toggle checkbox horizontal"
            >
              <input
                type="checkbox"
              />
              <span
                aria-hidden="true"
                className="toggle-indicator"
              >
                <i
                  className="manicon manicon-check"
                />
              </span>
              <span
                className="toggle-label"
              >
                Checkbox item
              </span>
            </label>
            <label
              className="form-toggle checkbox horizontal"
            >
              <input
                type="checkbox"
              />
              <span
                aria-hidden="true"
                className="toggle-indicator"
              >
                <i
                  className="manicon manicon-check"
                />
              </span>
              <span
                className="toggle-label"
              >
                Checkbox item
              </span>
            </label>
          </div>
          <div
            className="form-input"
          >
            <h4
              className="form-input-heading"
            >
              Checkboxes Horizontal
            </h4>
            <label
              className="form-toggle radio horizontal"
            >
              <input
                type="radio"
              />
              <span
                aria-hidden="true"
                className="toggle-indicator"
              />
              <span
                className="toggle-label"
              >
                Checkbox item
              </span>
            </label>
            <label
              className="form-toggle radio horizontal"
            >
              <input
                type="radio"
              />
              <span
                aria-hidden="true"
                className="toggle-indicator"
              />
              <span
                className="toggle-label"
              >
                Checkbox item
              </span>
            </label>
            <label
              className="form-toggle radio horizontal"
            >
              <input
                type="radio"
              />
              <span
                aria-hidden="true"
                className="toggle-indicator"
              />
              <span
                className="toggle-label"
              >
                Checkbox item
              </span>
            </label>
          </div>
        </div>
      </div>
      <div
        className="row-3-p"
      >
        <div
          className="col-33"
        >
          <div
            className="form-input"
          >
            <input
              className="button-secondary-dull"
              disabled={true}
              type="submit"
            />
            <input
              className="button-secondary"
              type="submit"
            />
          </div>
        </div>
      </div>
    </div>
  </section>
</div>
`;
