// Jest Snapshot v1, https://goo.gl/fbAQLP

exports[`Frontend.Utility.ShareBar component renders correctly 1`] = `
<nav
  className="share-nav-primary"
>
  <span>
    The Label
  </span>
  <ul>
    <li>
      <button
        onClick={[Function]}
        target="_blank"
      >
        <i
          aria-hidden="true"
          className="manicon manicon-twitter"
        />
        <span
          className="screen-reader-text"
        >
          Share on Twitter
        </span>
      </button>
    </li>
  </ul>
</nav>
`;
